<?xml version="1.0" encoding="utf-8"?><testsuites><testsuite name="pytest" errors="0" failures="0" skipped="0" tests="0" time="0.473" timestamp="2022-04-05T12:00:10.895937" hostname="910d33e61ec3" /></testsuites>